SQL> Alter table PROJ ADD Primary Key(DNO,PRJ_No);

Table altered.

SQL> Alter table EMP ADD (PRJ_ID varchar2(5) Foreign key(DeptNo,Proj_id) references PROJ;
Alter table EMP ADD (PRJ_ID varchar2(5) Foreign key(DeptNo,Proj_id) references PROJ
                                        *
ERROR at line 1:
ORA-00907: missing right parenthesis 


SQL> Alter table EMP ADD (PRJ_ID varchar2(5) Foreign key(DeptNo,Proj_id) references PROJ);
Alter table EMP ADD (PRJ_ID varchar2(5) Foreign key(DeptNo,Proj_id) references PROJ)
                                        *
ERROR at line 1:
ORA-00907: missing right parenthesis 


SQL> Alter table EMP ADD (PRJ_ID varchar(5));

Table altered.

SQL> alter table EMP ADD CONSTRAINT DEPTNO_FK_DEPT_Cons1 FOREIGN KEY(DEPTNO,PRJ_ID)
  2  REFERENCES PROJ;

Table altered.

SQL> spool off;
SQL> Alter table emp add constraint valid_empno_cons check(empno>100);

Table altered.

SQL> alter table dept add dept_budget number(7);\
  2  
SQL> alter table dept add dept_budget number(7);

Table altered.

SQL> alter table proj add prj_fund number(7);

Table altered.

SQL> spool off;
